[2025-06-03T15:13:16.119+0000] {taskinstance.py:1103} INFO - Dependencies all met for dep_context=non-requeueable deps ti=<TaskInstance: usd_rate_fetcher.fetch_data_from_api scheduled__2000-02-05T00:00:00+00:00 [queued]>
[2025-06-03T15:13:16.128+0000] {taskinstance.py:1103} INFO - Dependencies all met for dep_context=requeueable deps ti=<TaskInstance: usd_rate_fetcher.fetch_data_from_api scheduled__2000-02-05T00:00:00+00:00 [queued]>
[2025-06-03T15:13:16.129+0000] {taskinstance.py:1308} INFO - Starting attempt 1 of 3
[2025-06-03T15:13:16.143+0000] {taskinstance.py:1327} INFO - Executing <Task(_PythonDecoratedOperator): fetch_data_from_api> on 2000-02-05 00:00:00+00:00
[2025-06-03T15:13:16.151+0000] {standard_task_runner.py:57} INFO - Started process 7463 to run task
[2025-06-03T15:13:16.162+0000] {standard_task_runner.py:84} INFO - Running: ['***', 'tasks', 'run', 'usd_rate_fetcher', 'fetch_data_from_api', 'scheduled__2000-02-05T00:00:00+00:00', '--job-id', '8175', '--raw', '--subdir', 'DAGS_FOLDER/usd_rate_fetcher.py', '--cfg-path', '/tmp/tmp7hu4_wxm']
[2025-06-03T15:13:16.165+0000] {standard_task_runner.py:85} INFO - Job 8175: Subtask fetch_data_from_api
[2025-06-03T15:13:16.253+0000] {task_command.py:410} INFO - Running <TaskInstance: usd_rate_fetcher.fetch_data_from_api scheduled__2000-02-05T00:00:00+00:00 [running]> on host 40869fde016f
[2025-06-03T15:13:16.468+0000] {logging_mixin.py:150} WARNING - /home/***/.local/lib/python3.7/site-packages/***/utils/context.py:205 AirflowContextDeprecationWarning: Accessing 'execution_date' from the template is deprecated and will be removed in a future version. Please use 'data_interval_start' or 'logical_date' instead.
[2025-06-03T15:13:16.520+0000] {taskinstance.py:1547} INFO - Exporting env vars: AIRFLOW_CTX_DAG_OWNER='***' AIRFLOW_CTX_DAG_ID='usd_rate_fetcher' AIRFLOW_CTX_TASK_ID='fetch_data_from_api' AIRFLOW_CTX_EXECUTION_DATE='2000-02-05T00:00:00+00:00' AIRFLOW_CTX_TRY_NUMBER='1' AIRFLOW_CTX_DAG_RUN_ID='scheduled__2000-02-05T00:00:00+00:00'
[2025-06-03T15:13:16.528+0000] {usd_rate_fetcher.py:34} INFO - Переменная ['Доллар США', 'Евро', 'Гонконгский доллар', 'Юань', 'Фунт стерлингов']
[2025-06-03T15:13:16.533+0000] {taskinstance.py:1824} ERROR - Task failed with exception
Traceback (most recent call last):
  File "/opt/airflow/dags/usd_rate_fetcher.py", line 38, in fetch_data_from_api
    currencies = json.loads(Variable.get("currencies"))
  File "/usr/local/lib/python3.7/json/__init__.py", line 348, in loads
    return _default_decoder.decode(s)
  File "/usr/local/lib/python3.7/json/decoder.py", line 337, in decode
    obj, end = self.raw_decode(s, idx=_w(s, 0).end())
  File "/usr/local/lib/python3.7/json/decoder.py", line 355, in raw_decode
    raise JSONDecodeError("Expecting value", s, err.value) from None
json.decoder.JSONDecodeError: Expecting value: line 1 column 2 (char 1)

The above exception was the direct cause of the following exception:

Traceback (most recent call last):
  File "/home/airflow/.local/lib/python3.7/site-packages/airflow/decorators/base.py", line 220, in execute
    return_value = super().execute(context)
  File "/home/airflow/.local/lib/python3.7/site-packages/airflow/operators/python.py", line 181, in execute
    return_value = self.execute_callable()
  File "/home/airflow/.local/lib/python3.7/site-packages/airflow/operators/python.py", line 198, in execute_callable
    return self.python_callable(*self.op_args, **self.op_kwargs)
  File "/opt/airflow/dags/usd_rate_fetcher.py", line 40, in fetch_data_from_api
    raise ValueError("Ошибка десериализации переменной 'currencies'") from e
ValueError: Ошибка десериализации переменной 'currencies'
[2025-06-03T15:13:16.540+0000] {taskinstance.py:1350} INFO - Marking task as UP_FOR_RETRY. dag_id=usd_rate_fetcher, task_id=fetch_data_from_api, execution_date=20000205T000000, start_date=20250603T151316, end_date=20250603T151316
[2025-06-03T15:13:16.549+0000] {standard_task_runner.py:109} ERROR - Failed to execute job 8175 for task fetch_data_from_api (Ошибка десериализации переменной 'currencies'; 7463)
[2025-06-03T15:13:16.570+0000] {local_task_job_runner.py:225} INFO - Task exited with return code 1
[2025-06-03T15:13:16.638+0000] {taskinstance.py:2653} INFO - 0 downstream tasks scheduled from follow-on schedule check
